// Jest Snapshot v1, https://goo.gl/fbAQLP

exports[`should render Header correctly 1`] = `
<header
  className="header"
>
  <div
    className="content-container"
  >
    <div
      className="header__content"
    >
      <Link
        className="header__title"
        replace={false}
        to="/aquaponic"
      >
        <h1>
          Aquaponic Cycler
        </h1>
        <p
          className="header_tagline"
        >
          Tracking your bacterial food producers
        </p>
      </Link>
      <button
        className="header__link"
        onClick={[Function]}
      >
        Logout
      </button>
    </div>
  </div>
</header>
`;
