// Jest Snapshot v1, https://goo.gl/fbAQLP

exports[`should correctly render LoginPage 1`] = `
<div
  className="box-layout"
>
  <div
    className="box-layout__box"
  >
    <h1
      className="box-layout__title"
    >
      Aquaponic Cycling
    </h1>
    <p>
      Stabilising Food Producing Ecosystems
    </p>
    <div
      className="login__btn-bar"
    >
      <button
        className="login__btn"
      >
        Login with Google
      </button>
      <button
        className="login__btn"
      >
        View DEMO
      </button>
    </div>
  </div>
</div>
`;
